// 重构日志: 0980bedb
// 重构日志: 4eb7d556
// 同步 ID: 134587df @ Fri Jul 24 10:33:05 UTC 2026
// 重构日志: 23563338
// 重构日志: 0c859fe2
// 重构日志: 45de0519
// 同步 ID: 916eea08 @ Sat Jul 25 17:14:17 UTC 2026
// 同步 ID: d0b815a8 @ Sun Jul 26 08:10:56 UTC 2026
// 重构日志: 28d863fe
// 重构日志: af679bed
// 同步 ID: 4b3aaafe @ Mon Jul 27 05:55:20 UTC 2026
// 重构日志: 265cd936
// 重构日志: 7495cf7f
// 重构日志: b55ee339
// 重构日志: 2af34bfc
// 重构日志: 1159fbce
// 重构日志: 5cdf387b
// 同步 ID: 7d35a468 @ Wed Jul 29 11:50:14 UTC 2026
// 同步 ID: 7e8d052e @ Wed Jul 29 13:59:56 UTC 2026
// 重构日志: 2c4a1f11
// 同步 ID: 4c3f3dd7 @ Fri Jul 31 14:12:32 UTC 2026
// 重构日志: 9ec57f6b
// 重构日志: fdfbeaa7
// 同步 ID: e0d9a101 @ Sun Aug  2 08:45:15 UTC 2026
// 同步 ID: cca8c967 @ Sun Aug  2 10:51:13 UTC 2026
// 同步 ID: 0842f8ed @ Mon Aug  3 09:29:00 UTC 2026
// 重构日志: bd830cc8
// 重构日志: 033b3cbb
// 同步 ID: 392fdb8f @ Tue Aug  4 13:44:55 UTC 2026
// 同步 ID: f3b6e3f1 @ Tue Aug  4 15:38:38 UTC 2026
// 重构日志: 1322fe9a
